Archive member included to satisfy reference by file (symbol)

c:/program files (x86)/atmel/studio/7.0/toolchain/avr8/avr8-gnu-toolchain/bin/../lib/gcc/avr/4.9.2/avr51\libgcc.a(_udivmodqi4.o)
                              mlauh001_final_project.o (__udivmodqi4)
c:/program files (x86)/atmel/studio/7.0/toolchain/avr8/avr8-gnu-toolchain/bin/../lib/gcc/avr/4.9.2/avr51\libgcc.a(_exit.o)
                              C:/Program Files (x86)/Atmel/Studio/7.0/Packs/atmel/ATmega_DFP/1.0.106/gcc/dev/atmega1284/avr51/crtatmega1284.o (exit)
c:/program files (x86)/atmel/studio/7.0/toolchain/avr8/avr8-gnu-toolchain/bin/../lib/gcc/avr/4.9.2/avr51\libgcc.a(_copy_data.o)
                              mlauh001_final_project.o (__do_copy_data)
c:/program files (x86)/atmel/studio/7.0/toolchain/avr8/avr8-gnu-toolchain/bin/../lib/gcc/avr/4.9.2/avr51\libgcc.a(_clear_bss.o)
                              croutine.o (__do_clear_bss)
c:/program files (x86)/atmel/studio/7.0/toolchain/avr8/avr8-gnu-toolchain/bin/../lib/gcc/avr/4.9.2/../../../../avr/lib/avr51\libc.a(memcpy.o)
                              queue.o (memcpy)
c:/program files (x86)/atmel/studio/7.0/toolchain/avr8/avr8-gnu-toolchain/bin/../lib/gcc/avr/4.9.2/../../../../avr/lib/avr51\libc.a(memset.o)
                              tasks.o (memset)
c:/program files (x86)/atmel/studio/7.0/toolchain/avr8/avr8-gnu-toolchain/bin/../lib/gcc/avr/4.9.2/../../../../avr/lib/avr51\libc.a(strncpy.o)
                              tasks.o (strncpy)

Allocating common symbols
Common symbol       size              file

poll_usart_state    0x1               mlauh001_final_project.o
rotate_state        0x1               mlauh001_final_project.o
dispense_state      0x1               mlauh001_final_project.o
lcd_str             0x1               mlauh001_final_project.o
write_porta_state   0x1               mlauh001_final_project.o
make_drink_state    0x1               mlauh001_final_project.o

Discarded input sections

 .data          0x00000000        0x0 C:/Program Files (x86)/Atmel/Studio/7.0/Packs/atmel/ATmega_DFP/1.0.106/gcc/dev/atmega1284/avr51/crtatmega1284.o
 .bss           0x00000000        0x0 C:/Program Files (x86)/Atmel/Studio/7.0/Packs/atmel/ATmega_DFP/1.0.106/gcc/dev/atmega1284/avr51/crtatmega1284.o
 .text          0x00000000        0x0 croutine.o
 .data          0x00000000        0x0 croutine.o
 .bss           0x00000000        0x0 croutine.o
 .text.xCoRoutineCreate
                0x00000000       0xf0 croutine.o
 .text.vCoRoutineAddToDelayedList
                0x00000000       0x86 croutine.o
 .text.vCoRoutineSchedule
                0x00000000      0x27a croutine.o
 .text.xCoRoutineRemoveFromEventList
                0x00000000       0x4a croutine.o
 .bss.xPassedTicks
                0x00000000        0x2 croutine.o
 .bss.xLastTickCount
                0x00000000        0x2 croutine.o
 .bss.xCoRoutineTickCount
                0x00000000        0x2 croutine.o
 .bss.uxTopCoRoutineReadyPriority
                0x00000000        0x1 croutine.o
 .bss.pxCurrentCoRoutine
                0x00000000        0x2 croutine.o
 .bss.xPendingReadyCoRoutineList
                0x00000000        0x9 croutine.o
 .bss.pxOverflowDelayedCoRoutineList
                0x00000000        0x2 croutine.o
 .bss.pxDelayedCoRoutineList
                0x00000000        0x2 croutine.o
 .bss.xDelayedCoRoutineList2
                0x00000000        0x9 croutine.o
 .bss.xDelayedCoRoutineList1
                0x00000000        0x9 croutine.o
 .bss.pxReadyCoRoutineLists
                0x00000000       0x12 croutine.o
 .debug_info    0x00000000      0x7c2 croutine.o
 .debug_abbrev  0x00000000      0x249 croutine.o
 .debug_loc     0x00000000      0x3eb croutine.o
 .debug_aranges
                0x00000000       0x38 croutine.o
 .debug_ranges  0x00000000       0x28 croutine.o
 .debug_line    0x00000000      0x392 croutine.o
 .debug_str     0x00000000      0x55b croutine.o
 .comment       0x00000000       0x31 croutine.o
 .debug_frame   0x00000000       0xc0 croutine.o
 .text          0x00000000        0x0 heap_1.o
 .data          0x00000000        0x0 heap_1.o
 .bss           0x00000000        0x0 heap_1.o
 .text.vPortInitialiseBlocks
                0x00000000        0xa heap_1.o
 .text.xPortGetFreeHeapSize
                0x00000000       0x12 heap_1.o
 .text          0x00000000        0x0 list.o
 .data          0x00000000        0x0 list.o
 .bss           0x00000000        0x0 list.o
 .text          0x00000000        0x0 mlauh001_final_project.o
 .data          0x00000000        0x0 mlauh001_final_project.o
 .bss           0x00000000        0x0 mlauh001_final_project.o
 .text.USART_IsSendReady
                0x00000000       0x14 mlauh001_final_project.o
 .text.USART_HasTransmitted
                0x00000000       0x14 mlauh001_final_project.o
 .text.USART_HasReceived
                0x00000000       0x14 mlauh001_final_project.o
 .text.UART_Return_String
                0x00000000       0x52 mlauh001_final_project.o
 .text.Rotate_Init
                0x00000000        0x6 mlauh001_final_project.o
 .text.Dispense_Init
                0x00000000        0x6 mlauh001_final_project.o
 .text.WritePORTA_Init
                0x00000000        0x6 mlauh001_final_project.o
 .text.PollUSART_Init
                0x00000000        0x6 mlauh001_final_project.o
 .text.MakeDrink_Init
                0x00000000        0x6 mlauh001_final_project.o
 .bss.received  0x00000000        0x1 mlauh001_final_project.o
 .text          0x00000000        0x0 port.o
 .data          0x00000000        0x0 port.o
 .bss           0x00000000        0x0 port.o
 .text.vPortEndScheduler
                0x00000000        0x2 port.o
 .text          0x00000000        0x0 queue.o
 .data          0x00000000        0x0 queue.o
 .bss           0x00000000        0x0 queue.o
 .text.prvCopyDataToQueue
                0x00000000       0x82 queue.o
 .text.prvCopyDataFromQueue
                0x00000000       0x34 queue.o
 .text.prvUnlockQueue
                0x00000000       0x94 queue.o
 .text.xQueueGenericReset
                0x00000000       0x70 queue.o
 .text.xQueueGenericCreate
                0x00000000       0x5c queue.o
 .text.xQueueGenericSend
                0x00000000      0x134 queue.o
 .text.xQueueGenericSendFromISR
                0x00000000       0x58 queue.o
 .text.xQueueGenericReceive
                0x00000000      0x158 queue.o
 .text.xQueueReceiveFromISR
                0x00000000       0x5a queue.o
 .text.uxQueueMessagesWaiting
                0x00000000       0x10 queue.o
 .text.uxQueueMessagesWaitingFromISR
                0x00000000        0x6 queue.o
 .text.vQueueDelete
                0x00000000       0x1a queue.o
 .text.xQueueIsQueueEmptyFromISR
                0x00000000        0xc queue.o
 .text.xQueueIsQueueFullFromISR
                0x00000000        0xe queue.o
 .text.xQueueCRSend
                0x00000000       0x74 queue.o
 .text.xQueueCRReceive
                0x00000000       0x94 queue.o
 .text.xQueueCRSendFromISR
                0x00000000       0x48 queue.o
 .text.xQueueCRReceiveFromISR
                0x00000000       0x82 queue.o
 .debug_info    0x00000000     0x1012 queue.o
 .debug_abbrev  0x00000000      0x24a queue.o
 .debug_loc     0x00000000     0x13c7 queue.o
 .debug_aranges
                0x00000000       0xa8 queue.o
 .debug_ranges  0x00000000       0x98 queue.o
 .debug_line    0x00000000      0x89f queue.o
 .debug_str     0x00000000      0x6ef queue.o
 .comment       0x00000000       0x31 queue.o
 .debug_frame   0x00000000      0x264 queue.o
 .text          0x00000000        0x0 tasks.o
 .data          0x00000000        0x0 tasks.o
 .bss           0x00000000        0x0 tasks.o
 .text.vTaskDelete
                0x00000000       0x92 tasks.o
 .text.vTaskEndScheduler
                0x00000000        0xc tasks.o
 .text.xTaskGetTickCount
                0x00000000       0x14 tasks.o
 .text.xTaskGetTickCountFromISR
                0x00000000        0xa tasks.o
 .text.uxTaskGetNumberOfTasks
                0x00000000        0x6 tasks.o
 .text.vTaskDelayUntil
                0x00000000       0x94 tasks.o
 .text.vTaskPlaceOnEventList
                0x00000000       0x3c tasks.o
 .text.xTaskRemoveFromEventList
                0x00000000       0x8a tasks.o
 .text.vTaskSetTimeOutState
                0x00000000       0x16 tasks.o
 .text.xTaskCheckForTimeOut
                0x00000000       0x6e tasks.o
 .text.vTaskMissedYield
                0x00000000        0x8 tasks.o
 .text          0x00000000        0x0 timers.o
 .data          0x00000000        0x0 timers.o
 .bss           0x00000000        0x0 timers.o
 .debug_info    0x00000000       0x6b timers.o
 .debug_abbrev  0x00000000       0x26 timers.o
 .debug_aranges
                0x00000000       0x18 timers.o
 .debug_line    0x00000000       0x1a timers.o
 .debug_str     0x00000000      0x1aa timers.o
 .comment       0x00000000       0x31 timers.o
 .text          0x00000000        0x0 c:/program files (x86)/atmel/studio/7.0/toolchain/avr8/avr8-gnu-toolchain/bin/../lib/gcc/avr/4.9.2/avr51\libgcc.a(_udivmodqi4.o)
 .data          0x00000000        0x0 c:/program files (x86)/atmel/studio/7.0/toolchain/avr8/avr8-gnu-toolchain/bin/../lib/gcc/avr/4.9.2/avr51\libgcc.a(_udivmodqi4.o)
 .bss           0x00000000        0x0 c:/program files (x86)/atmel/studio/7.0/toolchain/avr8/avr8-gnu-toolchain/bin/../lib/gcc/avr/4.9.2/avr51\libgcc.a(_udivmodqi4.o)
 .text.libgcc.mul
                0x00000000        0x0 c:/program files (x86)/atmel/studio/7.0/toolchain/avr8/avr8-gnu-toolchain/bin/../lib/gcc/avr/4.9.2/avr51\libgcc.a(_udivmodqi4.o)
 .text.libgcc   0x00000000        0x0 c:/program files (x86)/atmel/studio/7.0/toolchain/avr8/avr8-gnu-toolchain/bin/../lib/gcc/avr/4.9.2/avr51\libgcc.a(_udivmodqi4.o)
 .text.libgcc.prologue
                0x00000000        0x0 c:/program files (x86)/atmel/studio/7.0/toolchain/avr8/avr8-gnu-toolchain/bin/../lib/gcc/avr/4.9.2/avr51\libgcc.a(_udivmodqi4.o)
 .text.libgcc.builtins
                0x00000000        0x0 c:/program files (x86)/atmel/studio/7.0/toolchain/avr8/avr8-gnu-toolchain/bin/../lib/gcc/avr/4.9.2/avr51\libgcc.a(_udivmodqi4.o)
 .text.libgcc.fmul
                0x00000000        0x0 c:/program files (x86)/atmel/studio/7.0/toolchain/avr8/avr8-gnu-toolchain/bin/../lib/gcc/avr/4.9.2/avr51\libgcc.a(_udivmodqi4.o)
 .text.libgcc.fixed
                0x00000000        0x0 c:/program files (x86)/atmel/studio/7.0/toolchain/avr8/avr8-gnu-toolchain/bin/../lib/gcc/avr/4.9.2/avr51\libgcc.a(_udivmodqi4.o)
 .text          0x00000000        0x0 c:/program files (x86)/atmel/studio/7.0/toolchain/avr8/avr8-gnu-toolchain/bin/../lib/gcc/avr/4.9.2/avr51\libgcc.a(_exit.o)
 .data          0x00000000        0x0 c:/program files (x86)/atmel/studio/7.0/toolchain/avr8/avr8-gnu-toolchain/bin/../lib/gcc/avr/4.9.2/avr51\libgcc.a(_exit.o)
 .bss           0x00000000        0x0 c:/program files (x86)/atmel/studio/7.0/toolchain/avr8/avr8-gnu-toolchain/bin/../lib/gcc/avr/4.9.2/avr51\libgcc.a(_exit.o)
 .text.libgcc.mul
                0x00000000        0x0 c:/program files (x86)/atmel/studio/7.0/toolchain/avr8/avr8-gnu-toolchain/bin/../lib/gcc/avr/4.9.2/avr51\libgcc.a(_exit.o)
 .text.libgcc.div
                0x00000000        0x0 c:/program files (x86)/atmel/studio/7.0/toolchain/avr8/avr8-gnu-toolchain/bin/../lib/gcc/avr/4.9.2/avr51\libgcc.a(_exit.o)
 .text.libgcc   0x00000000        0x0 c:/program files (x86)/atmel/studio/7.0/toolchain/avr8/avr8-gnu-toolchain/bin/../lib/gcc/avr/4.9.2/avr51\libgcc.a(_exit.o)
 .text.libgcc.prologue
                0x00000000        0x0 c:/program files (x86)/atmel/studio/7.0/toolchain/avr8/avr8-gnu-toolchain/bin/../lib/gcc/avr/4.9.2/avr51\libgcc.a(_exit.o)
 .text.libgcc.builtins
                0x00000000        0x0 c:/program files (x86)/atmel/studio/7.0/toolchain/avr8/avr8-gnu-toolchain/bin/../lib/gcc/avr/4.9.2/avr51\libgcc.a(_exit.o)
 .text.libgcc.fmul
                0x00000000        0x0 c:/program files (x86)/atmel/studio/7.0/toolchain/avr8/avr8-gnu-toolchain/bin/../lib/gcc/avr/4.9.2/avr51\libgcc.a(_exit.o)
 .text.libgcc.fixed
                0x00000000        0x0 c:/program files (x86)/atmel/studio/7.0/toolchain/avr8/avr8-gnu-toolchain/bin/../lib/gcc/avr/4.9.2/avr51\libgcc.a(_exit.o)
 .text          0x00000000        0x0 c:/program files (x86)/atmel/studio/7.0/toolchain/avr8/avr8-gnu-toolchain/bin/../lib/gcc/avr/4.9.2/avr51\libgcc.a(_copy_data.o)
 .data          0x00000000        0x0 c:/program files (x86)/atmel/studio/7.0/toolchain/avr8/avr8-gnu-toolchain/bin/../lib/gcc/avr/4.9.2/avr51\libgcc.a(_copy_data.o)
 .bss           0x00000000        0x0 c:/program files (x86)/atmel/studio/7.0/toolchain/avr8/avr8-gnu-toolchain/bin/../lib/gcc/avr/4.9.2/avr51\libgcc.a(_copy_data.o)
 .text.libgcc.mul
                0x00000000        0x0 c:/program files (x86)/atmel/studio/7.0/toolchain/avr8/avr8-gnu-toolchain/bin/../lib/gcc/avr/4.9.2/avr51\libgcc.a(_copy_data.o)
 .text.libgcc.div
                0x00000000        0x0 c:/program files (x86)/atmel/studio/7.0/toolchain/avr8/avr8-gnu-toolchain/bin/../lib/gcc/avr/4.9.2/avr51\libgcc.a(_copy_data.o)
 .text.libgcc   0x00000000        0x0 c:/program files (x86)/atmel/studio/7.0/toolchain/avr8/avr8-gnu-toolchain/bin/../lib/gcc/avr/4.9.2/avr51\libgcc.a(_copy_data.o)
 .text.libgcc.prologue
                0x00000000        0x0 c:/program files (x86)/atmel/studio/7.0/toolchain/avr8/avr8-gnu-toolchain/bin/../lib/gcc/avr/4.9.2/avr51\libgcc.a(_copy_data.o)
 .text.libgcc.builtins
                0x00000000        0x0 c:/program files (x86)/atmel/studio/7.0/toolchain/avr8/avr8-gnu-toolchain/bin/../lib/gcc/avr/4.9.2/avr51\libgcc.a(_copy_data.o)
 .text.libgcc.fmul
                0x00000000        0x0 c:/program files (x86)/atmel/studio/7.0/toolchain/avr8/avr8-gnu-toolchain/bin/../lib/gcc/avr/4.9.2/avr51\libgcc.a(_copy_data.o)
 .text.libgcc.fixed
                0x00000000        0x0 c:/program files (x86)/atmel/studio/7.0/toolchain/avr8/avr8-gnu-toolchain/bin/../lib/gcc/avr/4.9.2/avr51\libgcc.a(_copy_data.o)
 .text          0x00000000        0x0 c:/program files (x86)/atmel/studio/7.0/toolchain/avr8/avr8-gnu-toolchain/bin/../lib/gcc/avr/4.9.2/avr51\libgcc.a(_clear_bss.o)
 .data          0x00000000        0x0 c:/program files (x86)/atmel/studio/7.0/toolchain/avr8/avr8-gnu-toolchain/bin/../lib/gcc/avr/4.9.2/avr51\libgcc.a(_clear_bss.o)
 .bss           0x00000000        0x0 c:/program files (x86)/atmel/studio/7.0/toolchain/avr8/avr8-gnu-toolchain/bin/../lib/gcc/avr/4.9.2/avr51\libgcc.a(_clear_bss.o)
 .text.libgcc.mul
                0x00000000        0x0 c:/program files (x86)/atmel/studio/7.0/toolchain/avr8/avr8-gnu-toolchain/bin/../lib/gcc/avr/4.9.2/avr51\libgcc.a(_clear_bss.o)
 .text.libgcc.div
                0x00000000        0x0 c:/program files (x86)/atmel/studio/7.0/toolchain/avr8/avr8-gnu-toolchain/bin/../lib/gcc/avr/4.9.2/avr51\libgcc.a(_clear_bss.o)
 .text.libgcc   0x00000000        0x0 c:/program files (x86)/atmel/studio/7.0/toolchain/avr8/avr8-gnu-toolchain/bin/../lib/gcc/avr/4.9.2/avr51\libgcc.a(_clear_bss.o)
 .text.libgcc.prologue
                0x00000000        0x0 c:/program files (x86)/atmel/studio/7.0/toolchain/avr8/avr8-gnu-toolchain/bin/../lib/gcc/avr/4.9.2/avr51\libgcc.a(_clear_bss.o)
 .text.libgcc.builtins
                0x00000000        0x0 c:/program files (x86)/atmel/studio/7.0/toolchain/avr8/avr8-gnu-toolchain/bin/../lib/gcc/avr/4.9.2/avr51\libgcc.a(_clear_bss.o)
 .text.libgcc.fmul
                0x00000000        0x0 c:/program files (x86)/atmel/studio/7.0/toolchain/avr8/avr8-gnu-toolchain/bin/../lib/gcc/avr/4.9.2/avr51\libgcc.a(_clear_bss.o)
 .text.libgcc.fixed
                0x00000000        0x0 c:/program files (x86)/atmel/studio/7.0/toolchain/avr8/avr8-gnu-toolchain/bin/../lib/gcc/avr/4.9.2/avr51\libgcc.a(_clear_bss.o)
 .text          0x00000000        0x0 c:/program files (x86)/atmel/studio/7.0/toolchain/avr8/avr8-gnu-toolchain/bin/../lib/gcc/avr/4.9.2/../../../../avr/lib/avr51\libc.a(memcpy.o)
 .data          0x00000000        0x0 c:/program files (x86)/atmel/studio/7.0/toolchain/avr8/avr8-gnu-toolchain/bin/../lib/gcc/avr/4.9.2/../../../../avr/lib/avr51\libc.a(memcpy.o)
 .bss           0x00000000        0x0 c:/program files (x86)/atmel/studio/7.0/toolchain/avr8/avr8-gnu-toolchain/bin/../lib/gcc/avr/4.9.2/../../../../avr/lib/avr51\libc.a(memcpy.o)
 .text.avr-libc
                0x00000000       0x12 c:/program files (x86)/atmel/studio/7.0/toolchain/avr8/avr8-gnu-toolchain/bin/../lib/gcc/avr/4.9.2/../../../../avr/lib/avr51\libc.a(memcpy.o)
 .text          0x00000000        0x0 c:/program files (x86)/atmel/studio/7.0/toolchain/avr8/avr8-gnu-toolchain/bin/../lib/gcc/avr/4.9.2/../../../../avr/lib/avr51\libc.a(memset.o)
 .data          0x00000000        0x0 c:/program files (x86)/atmel/studio/7.0/toolchain/avr8/avr8-gnu-toolchain/bin/../lib/gcc/avr/4.9.2/../../../../avr/lib/avr51\libc.a(memset.o)
 .bss           0x00000000        0x0 c:/program files (x86)/atmel/studio/7.0/toolchain/avr8/avr8-gnu-toolchain/bin/../lib/gcc/avr/4.9.2/../../../../avr/lib/avr51\libc.a(memset.o)
 .text          0x00000000        0x0 c:/program files (x86)/atmel/studio/7.0/toolchain/avr8/avr8-gnu-toolchain/bin/../lib/gcc/avr/4.9.2/../../../../avr/lib/avr51\libc.a(strncpy.o)
 .data          0x00000000        0x0 c:/program files (x86)/atmel/studio/7.0/toolchain/avr8/avr8-gnu-toolchain/bin/../lib/gcc/avr/4.9.2/../../../../avr/lib/avr51\libc.a(strncpy.o)
 .bss           0x00000000        0x0 c:/program files (x86)/atmel/studio/7.0/toolchain/avr8/avr8-gnu-toolchain/bin/../lib/gcc/avr/4.9.2/../../../../avr/lib/avr51\libc.a(strncpy.o)

Memory Configuration

Name             Origin             Length             Attributes
text             0x00000000         0x00020000         xr
data             0x00800100         0x0000ff00         rw !x
eeprom           0x00810000         0x00010000         rw !x
fuse             0x00820000         0x00000400         rw !x
lock             0x00830000         0x00000400         rw !x
signature        0x00840000         0x00000400         rw !x
user_signatures  0x00850000         0x00000400         rw !x
*default*        0x00000000         0xffffffff

Linker script and memory map

Address of section .data set to 0x800100
LOAD C:/Program Files (x86)/Atmel/Studio/7.0/Packs/atmel/ATmega_DFP/1.0.106/gcc/dev/atmega1284/avr51/crtatmega1284.o
LOAD croutine.o
LOAD heap_1.o
LOAD list.o
LOAD mlauh001_final_project.o
LOAD port.o
LOAD queue.o
LOAD tasks.o
LOAD timers.o
START GROUP
LOAD c:/program files (x86)/atmel/studio/7.0/toolchain/avr8/avr8-gnu-toolchain/bin/../lib/gcc/avr/4.9.2/../../../../avr/lib/avr51\libm.a
END GROUP
START GROUP
LOAD c:/program files (x86)/atmel/studio/7.0/toolchain/avr8/avr8-gnu-toolchain/bin/../lib/gcc/avr/4.9.2/avr51\libgcc.a
LOAD c:/program files (x86)/atmel/studio/7.0/toolchain/avr8/avr8-gnu-toolchain/bin/../lib/gcc/avr/4.9.2/../../../../avr/lib/avr51\libm.a
LOAD c:/program files (x86)/atmel/studio/7.0/toolchain/avr8/avr8-gnu-toolchain/bin/../lib/gcc/avr/4.9.2/../../../../avr/lib/avr51\libc.a
LOAD C:/Program Files (x86)/Atmel/Studio/7.0/Packs/atmel/ATmega_DFP/1.0.106/gcc/dev/atmega1284/avr51\libatmega1284.a
END GROUP
                0x00020000                __TEXT_REGION_LENGTH__ = DEFINED (__TEXT_REGION_LENGTH__)?__TEXT_REGION_LENGTH__:0x20000
                0x0000ff00                __DATA_REGION_LENGTH__ = DEFINED (__DATA_REGION_LENGTH__)?__DATA_REGION_LENGTH__:0xff00
                0x00010000                __EEPROM_REGION_LENGTH__ = DEFINED (__EEPROM_REGION_LENGTH__)?__EEPROM_REGION_LENGTH__:0x10000
                0x00000400                __FUSE_REGION_LENGTH__ = DEFINED (__FUSE_REGION_LENGTH__)?__FUSE_REGION_LENGTH__:0x400
                0x00000400                __LOCK_REGION_LENGTH__ = DEFINED (__LOCK_REGION_LENGTH__)?__LOCK_REGION_LENGTH__:0x400
                0x00000400                __SIGNATURE_REGION_LENGTH__ = DEFINED (__SIGNATURE_REGION_LENGTH__)?__SIGNATURE_REGION_LENGTH__:0x400
                0x00000400                __USER_SIGNATURE_REGION_LENGTH__ = DEFINED (__USER_SIGNATURE_REGION_LENGTH__)?__USER_SIGNATURE_REGION_LENGTH__:0x400

.hash
 *(.hash)

.dynsym
 *(.dynsym)

.dynstr
 *(.dynstr)

.gnu.version
 *(.gnu.version)

.gnu.version_d
 *(.gnu.version_d)

.gnu.version_r
 *(.gnu.version_r)

.rel.init
 *(.rel.init)

.rela.init
 *(.rela.init)

.rel.text
 *(.rel.text)
 *(.rel.text.*)
 *(.rel.gnu.linkonce.t*)

.rela.text
 *(.rela.text)
 *(.rela.text.*)
 *(.rela.gnu.linkonce.t*)

.rel.fini
 *(.rel.fini)

.rela.fini
 *(.rela.fini)

.rel.rodata
 *(.rel.rodata)
 *(.rel.rodata.*)
 *(.rel.gnu.linkonce.r*)

.rela.rodata
 *(.rela.rodata)
 *(.rela.rodata.*)
 *(.rela.gnu.linkonce.r*)

.rel.data
 *(.rel.data)
 *(.rel.data.*)
 *(.rel.gnu.linkonce.d*)

.rela.data
 *(.rela.data)
 *(.rela.data.*)
 *(.rela.gnu.linkonce.d*)

.rel.ctors
 *(.rel.ctors)

.rela.ctors
 *(.rela.ctors)

.rel.dtors
 *(.rel.dtors)

.rela.dtors
 *(.rela.dtors)

.rel.got
 *(.rel.got)

.rela.got
 *(.rela.got)

.rel.bss
 *(.rel.bss)

.rela.bss
 *(.rela.bss)

.rel.plt
 *(.rel.plt)

.rela.plt
 *(.rela.plt)

.text           0x00000000     0x132a
 *(.vectors)
 .vectors       0x00000000       0x8c C:/Program Files (x86)/Atmel/Studio/7.0/Packs/atmel/ATmega_DFP/1.0.106/gcc/dev/atmega1284/avr51/crtatmega1284.o
                0x00000000                __vector_default
                0x00000000                __vectors
 *(.vectors)
 *(.progmem.gcc*)
                0x0000008c                . = ALIGN (0x2)
                0x0000008c                __trampolines_start = .
 *(.trampolines)
 .trampolines   0x0000008c        0x0 linker stubs
 *(.trampolines*)
                0x0000008c                __trampolines_end = .
 *libprintf_flt.a:*(.progmem.data)
 *libc.a:*(.progmem.data)
 *(.progmem*)
                0x0000008c                . = ALIGN (0x2)
 *(.jumptables)
 *(.jumptables*)
 *(.lowtext)
 *(.lowtext*)
                0x0000008c                __ctors_start = .
 *(.ctors)
                0x0000008c                __ctors_end = .
                0x0000008c                __dtors_start = .
 *(.dtors)
                0x0000008c                __dtors_end = .
 SORT(*)(.ctors)
 SORT(*)(.dtors)
 *(.init0)
 .init0         0x0000008c        0x0 C:/Program Files (x86)/Atmel/Studio/7.0/Packs/atmel/ATmega_DFP/1.0.106/gcc/dev/atmega1284/avr51/crtatmega1284.o
                0x0000008c                __init
 *(.init0)
 *(.init1)
 *(.init1)
 *(.init2)
 .init2         0x0000008c        0xc C:/Program Files (x86)/Atmel/Studio/7.0/Packs/atmel/ATmega_DFP/1.0.106/gcc/dev/atmega1284/avr51/crtatmega1284.o
 *(.init2)
 *(.init3)
 *(.init3)
 *(.init4)
 .init4         0x00000098       0x1a c:/program files (x86)/atmel/studio/7.0/toolchain/avr8/avr8-gnu-toolchain/bin/../lib/gcc/avr/4.9.2/avr51\libgcc.a(_copy_data.o)
                0x00000098                __do_copy_data
 .init4         0x000000b2       0x10 c:/program files (x86)/atmel/studio/7.0/toolchain/avr8/avr8-gnu-toolchain/bin/../lib/gcc/avr/4.9.2/avr51\libgcc.a(_clear_bss.o)
                0x000000b2                __do_clear_bss
 *(.init4)
 *(.init5)
 *(.init5)
 *(.init6)
 *(.init6)
 *(.init7)
 *(.init7)
 *(.init8)
 *(.init8)
 *(.init9)
 .init9         0x000000c2        0x6 C:/Program Files (x86)/Atmel/Studio/7.0/Packs/atmel/ATmega_DFP/1.0.106/gcc/dev/atmega1284/avr51/crtatmega1284.o
 *(.init9)
 *(.text)
 .text          0x000000c8        0x2 C:/Program Files (x86)/Atmel/Studio/7.0/Packs/atmel/ATmega_DFP/1.0.106/gcc/dev/atmega1284/avr51/crtatmega1284.o
                0x000000c8                __vector_22
                0x000000c8                __vector_28
                0x000000c8                __vector_1
                0x000000c8                __vector_32
                0x000000c8                __vector_34
                0x000000c8                __vector_24
                0x000000c8                __vector_12
                0x000000c8                __bad_interrupt
                0x000000c8                __vector_6
                0x000000c8                __vector_31
                0x000000c8                __vector_3
                0x000000c8                __vector_23
                0x000000c8                __vector_30
                0x000000c8                __vector_25
                0x000000c8                __vector_11
                0x000000c8                __vector_17
                0x000000c8                __vector_19
                0x000000c8                __vector_7
                0x000000c8                __vector_27
                0x000000c8                __vector_5
                0x000000c8                __vector_33
                0x000000c8                __vector_4
                0x000000c8                __vector_9
                0x000000c8                __vector_2
                0x000000c8                __vector_21
                0x000000c8                __vector_15
                0x000000c8                __vector_29
                0x000000c8                __vector_8
                0x000000c8                __vector_26
                0x000000c8                __vector_14
                0x000000c8                __vector_10
                0x000000c8                __vector_16
                0x000000c8                __vector_18
                0x000000c8                __vector_20
                0x000000ca                . = ALIGN (0x2)
 *(.text.*)
 .text.pvPortMalloc
                0x000000ca       0x48 heap_1.o
                0x000000ca                pvPortMalloc
 .text.vPortFree
                0x00000112        0x2 heap_1.o
                0x00000112                vPortFree
 .text.vListInitialise
                0x00000114       0x1c list.o
                0x00000114                vListInitialise
 .text.vListInitialiseItem
                0x00000130        0x8 list.o
                0x00000130                vListInitialiseItem
 .text.vListInsertEnd
                0x00000138       0x4e list.o
                0x00000138                vListInsertEnd
 .text.vListInsert
                0x00000186       0x76 list.o
                0x00000186                vListInsert
 .text.vListRemove
                0x000001fc       0x4c list.o
                0x000001fc                vListRemove
 .text.initUSART
                0x00000248       0x44 mlauh001_final_project.o
                0x00000248                initUSART
 .text.USART_Flush
                0x0000028c       0x42 mlauh001_final_project.o
                0x0000028c                USART_Flush
 .text.USART_Send
                0x000002ce       0x24 mlauh001_final_project.o
                0x000002ce                USART_Send
 .text.USART_Receive
                0x000002f2       0x24 mlauh001_final_project.o
                0x000002f2                USART_Receive
 .text.USART_Send_String
                0x00000316       0x4e mlauh001_final_project.o
                0x00000316                USART_Send_String
 .text.Rotate_Tick
                0x00000364      0x1cc mlauh001_final_project.o
                0x00000364                Rotate_Tick
 .text.RotateSecTask
                0x00000530        0xe mlauh001_final_project.o
                0x00000530                RotateSecTask
 .text.Dispense_Tick
                0x0000053e      0x1a8 mlauh001_final_project.o
                0x0000053e                Dispense_Tick
 .text.DispenseSecTask
                0x000006e6        0xe mlauh001_final_project.o
                0x000006e6                DispenseSecTask
 .text.WritePORTA_Tick
                0x000006f4       0x3e mlauh001_final_project.o
                0x000006f4                WritePORTA_Tick
 .text.WritePORTASecTask
                0x00000732        0xe mlauh001_final_project.o
                0x00000732                WritePORTASecTask
 .text.PollUSART_Tick
                0x00000740       0x56 mlauh001_final_project.o
                0x00000740                PollUSART_Tick
 .text.PollUSARTSecTask
                0x00000796        0xe mlauh001_final_project.o
                0x00000796                PollUSARTSecTask
 .text.MakeDrink_Tick
                0x000007a4      0x122 mlauh001_final_project.o
                0x000007a4                MakeDrink_Tick
 .text.MakeDrinkSecTask
                0x000008c6        0xe mlauh001_final_project.o
                0x000008c6                MakeDrinkSecTask
 .text.StartSecPulse
                0x000008d4       0x8a mlauh001_final_project.o
                0x000008d4                StartSecPulse
 .text.main     0x0000095e       0x22 mlauh001_final_project.o
                0x0000095e                main
 .text.pxPortInitialiseStack
                0x00000980       0xd8 port.o
                0x00000980                pxPortInitialiseStack
 .text.xPortStartScheduler
                0x00000a58       0x74 port.o
                0x00000a58                xPortStartScheduler
 .text.vPortYield
                0x00000acc       0xb0 port.o
                0x00000acc                vPortYield
 .text.vPortYieldFromTick
                0x00000b7c       0xb2 port.o
                0x00000b7c                vPortYieldFromTick
 .text.__vector_13
                0x00000c2e        0x4 port.o
                0x00000c2e                __vector_13
 .text.prvAddCurrentTaskToDelayedList
                0x00000c32       0x6a tasks.o
 .text.xTaskGenericCreate
                0x00000c9c      0x1e6 tasks.o
                0x00000c9c                xTaskGenericCreate
 .text.vTaskStartScheduler
                0x00000e82       0x52 tasks.o
                0x00000e82                vTaskStartScheduler
 .text.vTaskSuspendAll
                0x00000ed4        0xc tasks.o
                0x00000ed4                vTaskSuspendAll
 .text.vTaskIncrementTick
                0x00000ee0      0x182 tasks.o
                0x00000ee0                vTaskIncrementTick
 .text.xTaskResumeAll
                0x00001062      0x102 tasks.o
                0x00001062                xTaskResumeAll
 .text.vTaskDelay
                0x00001164       0x36 tasks.o
                0x00001164                vTaskDelay
 .text.prvIdleTask
                0x0000119a       0x70 tasks.o
 .text.vTaskSwitchContext
                0x0000120a       0xd8 tasks.o
                0x0000120a                vTaskSwitchContext
 .text.libgcc.div
                0x000012e2       0x18 c:/program files (x86)/atmel/studio/7.0/toolchain/avr8/avr8-gnu-toolchain/bin/../lib/gcc/avr/4.9.2/avr51\libgcc.a(_udivmodqi4.o)
                0x000012e2                __udivmodqi4
 .text.avr-libc
                0x000012fa        0xe c:/program files (x86)/atmel/studio/7.0/toolchain/avr8/avr8-gnu-toolchain/bin/../lib/gcc/avr/4.9.2/../../../../avr/lib/avr51\libc.a(memset.o)
                0x000012fa                memset
 .text.avr-libc
                0x00001308       0x1e c:/program files (x86)/atmel/studio/7.0/toolchain/avr8/avr8-gnu-toolchain/bin/../lib/gcc/avr/4.9.2/../../../../avr/lib/avr51\libc.a(strncpy.o)
                0x00001308                strncpy
                0x00001326                . = ALIGN (0x2)
 *(.fini9)
 .fini9         0x00001326        0x0 c:/program files (x86)/atmel/studio/7.0/toolchain/avr8/avr8-gnu-toolchain/bin/../lib/gcc/avr/4.9.2/avr51\libgcc.a(_exit.o)
                0x00001326                _exit
                0x00001326                exit
 *(.fini9)
 *(.fini8)
 *(.fini8)
 *(.fini7)
 *(.fini7)
 *(.fini6)
 *(.fini6)
 *(.fini5)
 *(.fini5)
 *(.fini4)
 *(.fini4)
 *(.fini3)
 *(.fini3)
 *(.fini2)
 *(.fini2)
 *(.fini1)
 *(.fini1)
 *(.fini0)
 .fini0         0x00001326        0x4 c:/program files (x86)/atmel/studio/7.0/toolchain/avr8/avr8-gnu-toolchain/bin/../lib/gcc/avr/4.9.2/avr51\libgcc.a(_exit.o)
 *(.fini0)
                0x0000132a                _etext = .

.data           0x00800100       0xa2 load address 0x0000132a
                0x00800100                PROVIDE (__data_start, .)
 *(.data)
 *(.data*)
 .data.drinks   0x00800100       0x24 mlauh001_final_project.o
                0x00800100                drinks
 .data.dispense_hold
                0x00800124        0x2 mlauh001_final_project.o
                0x00800124                dispense_hold
 .data.dispense_totalcnt
                0x00800126        0x2 mlauh001_final_project.o
                0x00800126                dispense_totalcnt
 .data.next_drink
                0x00800128        0x1 mlauh001_final_project.o
                0x00800128                next_drink
 .data.num_steps
                0x00800129        0x1 mlauh001_final_project.o
                0x00800129                num_steps
 .data.backward_steps
                0x0080012a        0x4 mlauh001_final_project.o
                0x0080012a                backward_steps
 .data.forward_steps
                0x0080012e        0x4 mlauh001_final_project.o
                0x0080012e                forward_steps
 .data.xNextTaskUnblockTime
                0x00800132        0x2 tasks.o
 *(.rodata)
 *(.rodata*)
 .rodata.str1.1
                0x00800134       0x68 mlauh001_final_project.o
 .rodata.str1.1
                0x0080019c        0x5 tasks.o
 *(.gnu.linkonce.d*)
                0x008001a2                . = ALIGN (0x2)
 *fill*         0x008001a1        0x1 
                0x008001a2                _edata = .
                0x008001a2                PROVIDE (__data_end, .)

.bss            0x008001a2      0x654
                0x008001a2                PROVIDE (__bss_start, .)
 *(.bss)
 *(.bss*)
 .bss.xNextFreeByte
                0x008001a2        0x2 heap_1.o
 .bss.xHeap     0x008001a4      0x5dc heap_1.o
 .bss.dummy.2320
                0x00800780        0x1 mlauh001_final_project.o
 .bss.make_drink_cnt
                0x00800781        0x1 mlauh001_final_project.o
                0x00800781                make_drink_cnt
 .bss.rotate_flag
                0x00800782        0x1 mlauh001_final_project.o
                0x00800782                rotate_flag
 .bss.dispense_flag
                0x00800783        0x1 mlauh001_final_project.o
                0x00800783                dispense_flag
 .bss.drink_to_make
                0x00800784        0x1 mlauh001_final_project.o
                0x00800784                drink_to_make
 .bss.make_drink_flag
                0x00800785        0x1 mlauh001_final_project.o
                0x00800785                make_drink_flag
 .bss.received_message
                0x00800786        0x1 mlauh001_final_project.o
                0x00800786                received_message
 .bss.dispense_hold_cnt
                0x00800787        0x2 mlauh001_final_project.o
                0x00800787                dispense_hold_cnt
 .bss.dispense_index
                0x00800789        0x1 mlauh001_final_project.o
                0x00800789                dispense_index
 .bss.dispense_cnt
                0x0080078a        0x2 mlauh001_final_project.o
                0x0080078a                dispense_cnt
 .bss.linear_stepper
                0x0080078c        0x1 mlauh001_final_project.o
                0x0080078c                linear_stepper
 .bss.rotate_stepper
                0x0080078d        0x1 mlauh001_final_project.o
                0x0080078d                rotate_stepper
 .bss.drink_select
                0x0080078e        0x1 mlauh001_final_project.o
                0x0080078e                drink_select
 .bss.drink     0x0080078f        0x1 mlauh001_final_project.o
                0x0080078f                drink
 .bss.steps_next_drink
                0x00800790        0x2 mlauh001_final_project.o
                0x00800790                steps_next_drink
 .bss.current_position
                0x00800792        0x1 mlauh001_final_project.o
                0x00800792                current_position
 .bss.total_cnt
                0x00800793        0x2 mlauh001_final_project.o
                0x00800793                total_cnt
 .bss.cnt       0x00800795        0x1 mlauh001_final_project.o
                0x00800795                cnt
 .bss.uxTaskNumber
                0x00800796        0x1 tasks.o
 .bss.xNumOfOverflows
                0x00800797        0x1 tasks.o
 .bss.xMissedYield
                0x00800798        0x1 tasks.o
 .bss.uxMissedTicks
                0x00800799        0x1 tasks.o
 .bss.uxSchedulerSuspended
                0x0080079a        0x1 tasks.o
 .bss.xSchedulerRunning
                0x0080079b        0x1 tasks.o
 .bss.uxTopReadyPriority
                0x0080079c        0x1 tasks.o
 .bss.uxTopUsedPriority
                0x0080079d        0x1 tasks.o
 .bss.xTickCount
                0x0080079e        0x2 tasks.o
 .bss.uxCurrentNumberOfTasks
                0x008007a0        0x1 tasks.o
 .bss.uxTasksDeleted
                0x008007a1        0x1 tasks.o
 .bss.xTasksWaitingTermination
                0x008007a2        0x9 tasks.o
 .bss.xPendingReadyList
                0x008007ab        0x9 tasks.o
 .bss.pxOverflowDelayedTaskList
                0x008007b4        0x2 tasks.o
 .bss.pxDelayedTaskList
                0x008007b6        0x2 tasks.o
 .bss.xDelayedTaskList2
                0x008007b8        0x9 tasks.o
 .bss.xDelayedTaskList1
                0x008007c1        0x9 tasks.o
 .bss.pxReadyTasksLists
                0x008007ca       0x24 tasks.o
 .bss.pxCurrentTCB
                0x008007ee        0x2 tasks.o
                0x008007ee                pxCurrentTCB
 *(COMMON)
 COMMON         0x008007f0        0x6 mlauh001_final_project.o
                0x008007f0                poll_usart_state
                0x008007f1                rotate_state
                0x008007f2                dispense_state
                0x008007f3                lcd_str
                0x008007f4                write_porta_state
                0x008007f5                make_drink_state
                0x008007f6                PROVIDE (__bss_end, .)
                0x0000132a                __data_load_start = LOADADDR (.data)
                0x000013cc                __data_load_end = (__data_load_start + SIZEOF (.data))

.noinit         0x008007f6        0x0
                [!provide]                PROVIDE (__noinit_start, .)
 *(.noinit*)
                [!provide]                PROVIDE (__noinit_end, .)
                0x008007f6                _end = .
                [!provide]                PROVIDE (__heap_start, .)

.eeprom         0x00810000        0x0
 *(.eeprom*)
                0x00810000                __eeprom_end = .

.fuse
 *(.fuse)
 *(.lfuse)
 *(.hfuse)
 *(.efuse)

.lock
 *(.lock*)

.signature
 *(.signature*)

.user_signatures
 *(.user_signatures*)

.stab
 *(.stab)

.stabstr
 *(.stabstr)

.stab.excl
 *(.stab.excl)

.stab.exclstr
 *(.stab.exclstr)

.stab.index
 *(.stab.index)

.stab.indexstr
 *(.stab.indexstr)

.comment        0x00000000       0x30
 *(.comment)
 .comment       0x00000000       0x30 heap_1.o
                                 0x31 (size before relaxing)
 .comment       0x00000030       0x31 list.o
 .comment       0x00000030       0x31 mlauh001_final_project.o
 .comment       0x00000030       0x31 port.o
 .comment       0x00000030       0x31 tasks.o

.note.gnu.avr.deviceinfo
                0x00000000       0x40
 .note.gnu.avr.deviceinfo
                0x00000000       0x40 C:/Program Files (x86)/Atmel/Studio/7.0/Packs/atmel/ATmega_DFP/1.0.106/gcc/dev/atmega1284/avr51/crtatmega1284.o

.note.gnu.build-id
 *(.note.gnu.build-id)

.debug
 *(.debug)

.line
 *(.line)

.debug_srcinfo
 *(.debug_srcinfo)

.debug_sfnames
 *(.debug_sfnames)

.debug_aranges  0x00000000      0x260
 *(.debug_aranges)
 .debug_aranges
                0x00000000       0x38 heap_1.o
 .debug_aranges
                0x00000038       0x40 list.o
 .debug_aranges
                0x00000078       0xe8 mlauh001_final_project.o
 .debug_aranges
                0x00000160       0x48 port.o
 .debug_aranges
                0x000001a8       0xb8 tasks.o

.debug_pubnames
 *(.debug_pubnames)

.debug_info     0x00000000     0x2560
 *(.debug_info .gnu.linkonce.wi.*)
 .debug_info    0x00000000      0x1a5 heap_1.o
 .debug_info    0x000001a5      0x2c1 list.o
 .debug_info    0x00000466      0xcdd mlauh001_final_project.o
 .debug_info    0x00001143      0x238 port.o
 .debug_info    0x0000137b     0x11e5 tasks.o

.debug_abbrev   0x00000000      0x9ab
 *(.debug_abbrev)
 .debug_abbrev  0x00000000      0x148 heap_1.o
 .debug_abbrev  0x00000148       0xf6 list.o
 .debug_abbrev  0x0000023e      0x316 mlauh001_final_project.o
 .debug_abbrev  0x00000554      0x154 port.o
 .debug_abbrev  0x000006a8      0x303 tasks.o

.debug_line     0x00000000     0x1879
 *(.debug_line .debug_line.* .debug_line_end)
 .debug_line    0x00000000      0x169 heap_1.o
 .debug_line    0x00000169      0x1e8 list.o
 .debug_line    0x00000351      0x962 mlauh001_final_project.o
 .debug_line    0x00000cb3      0x307 port.o
 .debug_line    0x00000fba      0x8bf tasks.o

.debug_frame    0x00000000      0x5dc
 *(.debug_frame)
 .debug_frame   0x00000000       0x60 heap_1.o
 .debug_frame   0x00000060       0x7c list.o
 .debug_frame   0x000000dc      0x21c mlauh001_final_project.o
 .debug_frame   0x000002f8       0x74 port.o
 .debug_frame   0x0000036c      0x270 tasks.o

.debug_str      0x00000000      0xeb0
 *(.debug_str)
 .debug_str     0x00000000      0x21c heap_1.o
                                0x255 (size before relaxing)
 .debug_str     0x0000021c      0x137 list.o
                                0x2bd (size before relaxing)
 .debug_str     0x00000353      0x592 mlauh001_final_project.o
                                0x6f3 (size before relaxing)
 .debug_str     0x000008e5       0xfe port.o
                                0x2bb (size before relaxing)
 .debug_str     0x000009e3      0x4cd tasks.o
                                0x8b5 (size before relaxing)

.debug_loc      0x00000000     0x15a9
 *(.debug_loc)
 .debug_loc     0x00000000       0xf1 heap_1.o
 .debug_loc     0x000000f1       0xfe list.o
 .debug_loc     0x000001ef      0x43a mlauh001_final_project.o
 .debug_loc     0x00000629      0x2ac port.o
 .debug_loc     0x000008d5      0xcd4 tasks.o

.debug_macinfo
 *(.debug_macinfo)

.debug_weaknames
 *(.debug_weaknames)

.debug_funcnames
 *(.debug_funcnames)

.debug_typenames
 *(.debug_typenames)

.debug_varnames
 *(.debug_varnames)

.debug_pubtypes
 *(.debug_pubtypes)

.debug_ranges   0x00000000      0x258
 *(.debug_ranges)
 .debug_ranges  0x00000000       0x28 heap_1.o
 .debug_ranges  0x00000028       0x30 list.o
 .debug_ranges  0x00000058       0xd8 mlauh001_final_project.o
 .debug_ranges  0x00000130       0x38 port.o
 .debug_ranges  0x00000168       0xf0 tasks.o

.debug_macro
 *(.debug_macro)
OUTPUT(mlauh001_final_project.elf elf32-avr)
LOAD linker stubs
